npx : [31mfailed to load config from E:\
coding\gema\frontend\vite.config.ts[39m
At line:1 char:1
+ npx vite build > build_error.log 2>&1
+ ~~~~~~~~~~~~~~~~~~~~~~~~~~~~~~~~~~~~~
    + CategoryInfo          : NotSpecifi 
   ed: ([31mfailed to ....config.ts[3  
  9m:String) [], RemoteException
    + FullyQualifiedErrorId : NativeComm 
   andError
 
[31merror during build:
Error [ERR_MODULE_NOT_FOUND]: Cannot 
find package 'vite-plugin-prerender' 
imported from E:\coding\gema\frontend\nod
e_modules\.vite-temp\vite.config.ts.times
tamp-1767777397771-2fba89bbdf876.mjs
    at packageResolve 
(node:internal/modules/esm/resolve:854:9)
    at moduleResolve (node:internal/modul
es/esm/resolve:927:18)
    at defaultResolve (node:internal/modu
les/esm/resolve:1169:11)
    at ModuleLoader.defaultResolve 
(node:internal/modules/esm/loader:542:12)
    at ModuleLoader.resolve 
(node:internal/modules/esm/loader:510:25)
    at ModuleLoader.getModuleJob 
(node:internal/modules/esm/loader:239:38)
    at ModuleWrap.<anonymous> (node:inter
nal/modules/esm/module_job:96:40)
    at link (node:internal/modules/esm/mo
dule_job:95:36)[39m
